[ERROR] COMPILATION ERROR : 
[ERROR] /C:/Users/ayush/Downloads/sateln ai/hotel-reservation-system/src/main/java/com/hotel/reservation/config/CustomUserDetailsService.java:[23,21] cannot find symbol
[ERROR] /C:/Users/ayush/Downloads/sateln ai/hotel-reservation-system/src/main/java/com/hotel/reservation/config/CustomUserDetailsService.java:[24,21] cannot find symbol
[ERROR] /C:/Users/ayush/Downloads/sateln ai/hotel-reservation-system/src/main/java/com/hotel/reservation/config/CustomUserDetailsService.java:[25,74] cannot find symbol
[ERROR] /C:/Users/ayush/Downloads/sateln ai/hotel-reservation-system/src/main/java/com/hotel/reservation/service/PaymentService.java:[25,34] cannot find symbol
[ERROR] /C:/Users/ayush/Downloads/sateln ai/hotel-reservation-system/src/main/java/com/hotel/reservation/service/PaymentService.java:[27,32] cannot find symbol
[ERROR] /C:/Users/ayush/Downloads/sateln ai/hotel-reservation-system/src/main/java/com/hotel/reservation/service/PaymentService.java:[37,44] cannot find symbol
[ERROR] /C:/Users/ayush/Downloads/sateln ai/hotel-reservation-system/src/main/java/com/hotel/reservation/service/BookingService.java:[24,60] cannot find symbol
[ERROR] /C:/Users/ayush/Downloads/sateln ai/hotel-reservation-system/src/main/java/com/hotel/reservation/service/BookingService.java:[25,24] cannot find symbol
[ERROR] /C:/Users/ayush/Downloads/sateln ai/hotel-reservation-system/src/main/java/com/hotel/reservation/service/BookingService.java:[25,50] cannot find symbol
[ERROR] /C:/Users/ayush/Downloads/sateln ai/hotel-reservation-system/src/main/java/com/hotel/reservation/service/BookingService.java:[30,54] cannot find symbol
[ERROR] /C:/Users/ayush/Downloads/sateln ai/hotel-reservation-system/src/main/java/com/hotel/reservation/service/BookingService.java:[30,80] cannot find symbol
[ERROR] /C:/Users/ayush/Downloads/sateln ai/hotel-reservation-system/src/main/java/com/hotel/reservation/service/BookingService.java:[31,37] cannot find symbol
[ERROR] /C:/Users/ayush/Downloads/sateln ai/hotel-reservation-system/src/main/java/com/hotel/reservation/service/BookingService.java:[33,16] cannot find symbol
[ERROR] /C:/Users/ayush/Downloads/sateln ai/hotel-reservation-system/src/main/java/com/hotel/reservation/service/BookingService.java:[34,16] cannot find symbol
[ERROR] /C:/Users/ayush/Downloads/sateln ai/hotel-reservation-system/src/main/java/com/hotel/reservation/service/BookingService.java:[35,16] cannot find symbol
[ERROR] /C:/Users/ayush/Downloads/sateln ai/hotel-reservation-system/src/main/java/com/hotel/reservation/service/BookingService.java:[36,16] cannot find symbol
[ERROR] /C:/Users/ayush/Downloads/sateln ai/hotel-reservation-system/src/main/java/com/hotel/reservation/service/BookingService.java:[57,16] cannot find symbol
[ERROR] /C:/Users/ayush/Downloads/sateln ai/hotel-reservation-system/src/main/java/com/hotel/reservation/controller/RoomController.java:[38,22] cannot find symbol
[ERROR] /C:/Users/ayush/Downloads/sateln ai/hotel-reservation-system/src/main/java/com/hotel/reservation/controller/RoomController.java:[38,56] cannot find symbol
[ERROR] /C:/Users/ayush/Downloads/sateln ai/hotel-reservation-system/src/main/java/com/hotel/reservation/controller/RoomController.java:[40,30] cannot find symbol
[ERROR] /C:/Users/ayush/Downloads/sateln ai/hotel-reservation-system/src/main/java/com/hotel/reservation/controller/RoomController.java:[40,54] cannot find symbol
[ERROR] /C:/Users/ayush/Downloads/sateln ai/hotel-reservation-system/src/main/java/com/hotel/reservation/controller/RoomController.java:[41,30] cannot find symbol
[ERROR] /C:/Users/ayush/Downloads/sateln ai/hotel-reservation-system/src/main/java/com/hotel/reservation/controller/RoomController.java:[41,55] cannot find symbol
[ERROR] /C:/Users/ayush/Downloads/sateln ai/hotel-reservation-system/src/main/java/com/hotel/reservation/controller/RoomController.java:[44,30] cannot find symbol
[ERROR] /C:/Users/ayush/Downloads/sateln ai/hotel-reservation-system/src/main/java/com/hotel/reservation/controller/RoomController.java:[44,55] cannot find symbol
[ERROR] /C:/Users/ayush/Downloads/sateln ai/hotel-reservation-system/src/main/java/com/hotel/reservation/controller/RoomController.java:[45,30] cannot find symbol
[ERROR] /C:/Users/ayush/Downloads/sateln ai/hotel-reservation-system/src/main/java/com/hotel/reservation/controller/RoomController.java:[45,55] cannot find symbol
[ERROR] /C:/Users/ayush/Downloads/sateln ai/hotel-reservation-system/src/main/java/com/hotel/reservation/config/DataInitializer.java:[27,30] cannot find symbol
[ERROR] /C:/Users/ayush/Downloads/sateln ai/hotel-reservation-system/src/main/java/com/hotel/reservation/config/DataInitializer.java:[39,37] cannot find symbol
[ERROR] /C:/Users/ayush/Downloads/sateln ai/hotel-reservation-system/src/main/java/com/hotel/reservation/config/DataInitializer.java:[46,37] cannot find symbol
[ERROR] /C:/Users/ayush/Downloads/sateln ai/hotel-reservation-system/src/main/java/com/hotel/reservation/config/DataInitializer.java:[53,37] cannot find symbol
[ERROR] /C:/Users/ayush/Downloads/sateln ai/hotel-reservation-system/src/main/java/com/hotel/reservation/config/DataInitializer.java:[60,37] cannot find symbol
[ERROR] /C:/Users/ayush/Downloads/sateln ai/hotel-reservation-system/src/main/java/com/hotel/reservation/config/DataInitializer.java:[67,37] cannot find symbol
[ERROR] /C:/Users/ayush/Downloads/sateln ai/hotel-reservation-system/src/main/java/com/hotel/reservation/service/UserService.java:[21,45] cannot find symbol
[ERROR] /C:/Users/ayush/Downloads/sateln ai/hotel-reservation-system/src/main/java/com/hotel/reservation/service/UserService.java:[24,25] cannot find symbol
[ERROR] /C:/Users/ayush/Downloads/sateln ai/hotel-reservation-system/src/main/java/com/hotel/reservation/service/UserService.java:[25,26] cannot find symbol
[ERROR] /C:/Users/ayush/Downloads/sateln ai/hotel-reservation-system/src/main/java/com/hotel/reservation/service/UserService.java:[26,27] cannot find symbol
[ERROR] /C:/Users/ayush/Downloads/sateln ai/hotel-reservation-system/src/main/java/com/hotel/reservation/service/UserService.java:[27,53] cannot find symbol
[ERROR] /C:/Users/ayush/Downloads/sateln ai/hotel-reservation-system/src/main/java/com/hotel/reservation/service/UserService.java:[28,27] cannot find symbol
[ERROR] /C:/Users/ayush/Downloads/sateln ai/hotel-reservation-system/src/main/java/com/hotel/reservation/controller/BookingController.java:[57,26] cannot find symbol
[ERROR] /C:/Users/ayush/Downloads/sateln ai/hotel-reservation-system/src/main/java/com/hotel/reservation/controller/BookingController.java:[58,99] cannot find symbol
[ERROR] /C:/Users/ayush/Downloads/sateln ai/hotel-reservation-system/src/main/java/com/hotel/reservation/controller/BookingController.java:[70,47] cannot find symbol
[ERROR] /C:/Users/ayush/Downloads/sateln ai/hotel-reservation-system/src/main/java/com/hotel/reservation/controller/BookingController.java:[97,38] cannot find symbol
[ERROR] /C:/Users/ayush/Downloads/sateln ai/hotel-reservation-system/src/main/java/com/hotel/reservation/controller/BookingController.java:[110,51] cannot find symbol
[ERROR] /C:/Users/ayush/Downloads/sateln ai/hotel-reservation-system/src/main/java/com/hotel/reservation/controller/BookingController.java:[130,72] cannot find symbol
[ERROR] /C:/Users/ayush/Downloads/sateln ai/hotel-reservation-system/src/main/java/com/hotel/reservation/controller/AuthController.java:[36,17] cannot find symbol
[ERROR] /C:/Users/ayush/Downloads/sateln ai/hotel-reservation-system/src/main/java/com/hotel/reservation/controller/AuthController.java:[36,42] cannot find symbol
[ERROR] /C:/Users/ayush/Downloads/sateln ai/hotel-reservation-system/src/main/java/com/hotel/reservation/controller/UserDashboardController.java:[26,72] cannot find symbol
[ERROR] Failed to execute goal org.apache.maven.plugins:maven-compiler-plugin:3.11.0:compile (default-compile) on project reservation: Compilation failure: Compilation failure: 
[ERROR] /C:/Users/ayush/Downloads/sateln ai/hotel-reservation-system/src/main/java/com/hotel/reservation/config/CustomUserDetailsService.java:[23,21] cannot find symbol
[ERROR]   symbol:   method getEmail()
[ERROR]   location: variable user of type com.hotel.reservation.model.User
[ERROR] /C:/Users/ayush/Downloads/sateln ai/hotel-reservation-system/src/main/java/com/hotel/reservation/config/CustomUserDetailsService.java:[24,21] cannot find symbol
[ERROR]   symbol:   method getPassword()
[ERROR]   location: variable user of type com.hotel.reservation.model.User
[ERROR] /C:/Users/ayush/Downloads/sateln ai/hotel-reservation-system/src/main/java/com/hotel/reservation/config/CustomUserDetailsService.java:[25,74] cannot find symbol
[ERROR]   symbol:   method getRole()
[ERROR]   location: variable user of type com.hotel.reservation.model.User
[ERROR] /C:/Users/ayush/Downloads/sateln ai/hotel-reservation-system/src/main/java/com/hotel/reservation/service/PaymentService.java:[25,34] cannot find symbol
[ERROR]   symbol:   method builder()
[ERROR]   location: class com.hotel.reservation.model.Payment
[ERROR] /C:/Users/ayush/Downloads/sateln ai/hotel-reservation-system/src/main/java/com/hotel/reservation/service/PaymentService.java:[27,32] cannot find symbol
[ERROR]   symbol:   method getTotalPrice()
[ERROR]   location: variable booking of type com.hotel.reservation.model.Booking
[ERROR] /C:/Users/ayush/Downloads/sateln ai/hotel-reservation-system/src/main/java/com/hotel/reservation/service/PaymentService.java:[37,44] cannot find symbol
[ERROR]   symbol:   method getId()
[ERROR]   location: variable booking of type com.hotel.reservation.model.Booking
[ERROR] /C:/Users/ayush/Downloads/sateln ai/hotel-reservation-system/src/main/java/com/hotel/reservation/service/BookingService.java:[24,60] cannot find symbol
[ERROR]   symbol:   method getId()
[ERROR]   location: variable room of type com.hotel.reservation.model.Room
[ERROR] /C:/Users/ayush/Downloads/sateln ai/hotel-reservation-system/src/main/java/com/hotel/reservation/service/BookingService.java:[25,24] cannot find symbol
[ERROR]   symbol:   method getCheckInDate()
[ERROR]   location: variable booking of type com.hotel.reservation.model.Booking
[ERROR] /C:/Users/ayush/Downloads/sateln ai/hotel-reservation-system/src/main/java/com/hotel/reservation/service/BookingService.java:[25,50] cannot find symbol
[ERROR]   symbol:   method getCheckOutDate()
[ERROR]   location: variable booking of type com.hotel.reservation.model.Booking
[ERROR] /C:/Users/ayush/Downloads/sateln ai/hotel-reservation-system/src/main/java/com/hotel/reservation/service/BookingService.java:[30,54] cannot find symbol
[ERROR]   symbol:   method getCheckInDate()
[ERROR]   location: variable booking of type com.hotel.reservation.model.Booking
[ERROR] /C:/Users/ayush/Downloads/sateln ai/hotel-reservation-system/src/main/java/com/hotel/reservation/service/BookingService.java:[30,80] cannot find symbol
[ERROR]   symbol:   method getCheckOutDate()
[ERROR]   location: variable booking of type com.hotel.reservation.model.Booking
[ERROR] /C:/Users/ayush/Downloads/sateln ai/hotel-reservation-system/src/main/java/com/hotel/reservation/service/BookingService.java:[31,37] cannot find symbol
[ERROR]   symbol:   method getPricePerNight()
[ERROR]   location: variable room of type com.hotel.reservation.model.Room
[ERROR] /C:/Users/ayush/Downloads/sateln ai/hotel-reservation-system/src/main/java/com/hotel/reservation/service/BookingService.java:[33,16] cannot find symbol
[ERROR]   symbol:   method setUser(com.hotel.reservation.model.User)
[ERROR]   location: variable booking of type com.hotel.reservation.model.Booking
[ERROR] /C:/Users/ayush/Downloads/sateln ai/hotel-reservation-system/src/main/java/com/hotel/reservation/service/BookingService.java:[34,16] cannot find symbol
[ERROR]   symbol:   method setRoom(com.hotel.reservation.model.Room)
[ERROR]   location: variable booking of type com.hotel.reservation.model.Booking
[ERROR] /C:/Users/ayush/Downloads/sateln ai/hotel-reservation-system/src/main/java/com/hotel/reservation/service/BookingService.java:[35,16] cannot find symbol
[ERROR]   symbol:   method setTotalPrice(java.math.BigDecimal)
[ERROR]   location: variable booking of type com.hotel.reservation.model.Booking
[ERROR] /C:/Users/ayush/Downloads/sateln ai/hotel-reservation-system/src/main/java/com/hotel/reservation/service/BookingService.java:[36,16] cannot find symbol
[ERROR]   symbol:   method setStatus(com.hotel.reservation.model.enums.BookingStatus)
[ERROR]   location: variable booking of type com.hotel.reservation.model.Booking
[ERROR] /C:/Users/ayush/Downloads/sateln ai/hotel-reservation-system/src/main/java/com/hotel/reservation/service/BookingService.java:[57,16] cannot find symbol
[ERROR]   symbol:   method setStatus(com.hotel.reservation.model.enums.BookingStatus)
[ERROR]   location: variable booking of type com.hotel.reservation.model.Booking
[ERROR] /C:/Users/ayush/Downloads/sateln ai/hotel-reservation-system/src/main/java/com/hotel/reservation/controller/RoomController.java:[38,22] cannot find symbol
[ERROR]   symbol:   method getCheckIn()
[ERROR]   location: variable searchDto of type com.hotel.reservation.dto.RoomSearchDto
[ERROR] /C:/Users/ayush/Downloads/sateln ai/hotel-reservation-system/src/main/java/com/hotel/reservation/controller/RoomController.java:[38,56] cannot find symbol
[ERROR]   symbol:   method getCheckOut()
[ERROR]   location: variable searchDto of type com.hotel.reservation.dto.RoomSearchDto
[ERROR] /C:/Users/ayush/Downloads/sateln ai/hotel-reservation-system/src/main/java/com/hotel/reservation/controller/RoomController.java:[40,30] cannot find symbol
[ERROR]   symbol:   method getCheckIn()
[ERROR]   location: variable searchDto of type com.hotel.reservation.dto.RoomSearchDto
[ERROR] /C:/Users/ayush/Downloads/sateln ai/hotel-reservation-system/src/main/java/com/hotel/reservation/controller/RoomController.java:[40,54] cannot find symbol
[ERROR]   symbol:   method getCheckOut()
[ERROR]   location: variable searchDto of type com.hotel.reservation.dto.RoomSearchDto
[ERROR] /C:/Users/ayush/Downloads/sateln ai/hotel-reservation-system/src/main/java/com/hotel/reservation/controller/RoomController.java:[41,30] cannot find symbol
[ERROR]   symbol:   method getRoomType()
[ERROR]   location: variable searchDto of type com.hotel.reservation.dto.RoomSearchDto
[ERROR] /C:/Users/ayush/Downloads/sateln ai/hotel-reservation-system/src/main/java/com/hotel/reservation/controller/RoomController.java:[41,55] cannot find symbol
[ERROR]   symbol:   method getCapacity()
[ERROR]   location: variable searchDto of type com.hotel.reservation.dto.RoomSearchDto
[ERROR] /C:/Users/ayush/Downloads/sateln ai/hotel-reservation-system/src/main/java/com/hotel/reservation/controller/RoomController.java:[44,30] cannot find symbol
[ERROR]   symbol:   method getRoomType()
[ERROR]   location: variable searchDto of type com.hotel.reservation.dto.RoomSearchDto
[ERROR] /C:/Users/ayush/Downloads/sateln ai/hotel-reservation-system/src/main/java/com/hotel/reservation/controller/RoomController.java:[44,55] cannot find symbol
[ERROR]   symbol:   method getMinPrice()
[ERROR]   location: variable searchDto of type com.hotel.reservation.dto.RoomSearchDto
[ERROR] /C:/Users/ayush/Downloads/sateln ai/hotel-reservation-system/src/main/java/com/hotel/reservation/controller/RoomController.java:[45,30] cannot find symbol
[ERROR]   symbol:   method getMaxPrice()
[ERROR]   location: variable searchDto of type com.hotel.reservation.dto.RoomSearchDto
[ERROR] /C:/Users/ayush/Downloads/sateln ai/hotel-reservation-system/src/main/java/com/hotel/reservation/controller/RoomController.java:[45,55] cannot find symbol
[ERROR]   symbol:   method getCapacity()
[ERROR]   location: variable searchDto of type com.hotel.reservation.dto.RoomSearchDto
[ERROR] /C:/Users/ayush/Downloads/sateln ai/hotel-reservation-system/src/main/java/com/hotel/reservation/config/DataInitializer.java:[27,30] cannot find symbol
[ERROR]   symbol:   method builder()
[ERROR]   location: class com.hotel.reservation.model.User
[ERROR] /C:/Users/ayush/Downloads/sateln ai/hotel-reservation-system/src/main/java/com/hotel/reservation/config/DataInitializer.java:[39,37] cannot find symbol
[ERROR]   symbol:   method builder()
[ERROR]   location: class com.hotel.reservation.model.Room
[ERROR] /C:/Users/ayush/Downloads/sateln ai/hotel-reservation-system/src/main/java/com/hotel/reservation/config/DataInitializer.java:[46,37] cannot find symbol
[ERROR]   symbol:   method builder()
[ERROR]   location: class com.hotel.reservation.model.Room
[ERROR] /C:/Users/ayush/Downloads/sateln ai/hotel-reservation-system/src/main/java/com/hotel/reservation/config/DataInitializer.java:[53,37] cannot find symbol
[ERROR]   symbol:   method builder()
[ERROR]   location: class com.hotel.reservation.model.Room
[ERROR] /C:/Users/ayush/Downloads/sateln ai/hotel-reservation-system/src/main/java/com/hotel/reservation/config/DataInitializer.java:[60,37] cannot find symbol
[ERROR]   symbol:   method builder()
[ERROR]   location: class com.hotel.reservation.model.Room
[ERROR] /C:/Users/ayush/Downloads/sateln ai/hotel-reservation-system/src/main/java/com/hotel/reservation/config/DataInitializer.java:[67,37] cannot find symbol
[ERROR]   symbol:   method builder()
[ERROR]   location: class com.hotel.reservation.model.Room
[ERROR] /C:/Users/ayush/Downloads/sateln ai/hotel-reservation-system/src/main/java/com/hotel/reservation/service/UserService.java:[21,45] cannot find symbol
[ERROR]   symbol:   method getEmail()
[ERROR]   location: variable dto of type com.hotel.reservation.dto.UserRegistrationDto
[ERROR] /C:/Users/ayush/Downloads/sateln ai/hotel-reservation-system/src/main/java/com/hotel/reservation/service/UserService.java:[24,25] cannot find symbol
[ERROR]   symbol:   method builder()
[ERROR]   location: class com.hotel.reservation.model.User
[ERROR] /C:/Users/ayush/Downloads/sateln ai/hotel-reservation-system/src/main/java/com/hotel/reservation/service/UserService.java:[25,26] cannot find symbol
[ERROR]   symbol:   method getName()
[ERROR]   location: variable dto of type com.hotel.reservation.dto.UserRegistrationDto
[ERROR] /C:/Users/ayush/Downloads/sateln ai/hotel-reservation-system/src/main/java/com/hotel/reservation/service/UserService.java:[26,27] cannot find symbol
[ERROR]   symbol:   method getEmail()
[ERROR]   location: variable dto of type com.hotel.reservation.dto.UserRegistrationDto
[ERROR] /C:/Users/ayush/Downloads/sateln ai/hotel-reservation-system/src/main/java/com/hotel/reservation/service/UserService.java:[27,53] cannot find symbol
[ERROR]   symbol:   method getPassword()
[ERROR]   location: variable dto of type com.hotel.reservation.dto.UserRegistrationDto
[ERROR] /C:/Users/ayush/Downloads/sateln ai/hotel-reservation-system/src/main/java/com/hotel/reservation/service/UserService.java:[28,27] cannot find symbol
[ERROR]   symbol:   method getPhone()
[ERROR]   location: variable dto of type com.hotel.reservation.dto.UserRegistrationDto
[ERROR] /C:/Users/ayush/Downloads/sateln ai/hotel-reservation-system/src/main/java/com/hotel/reservation/controller/BookingController.java:[57,26] cannot find symbol
[ERROR]   symbol:   method getCapacity()
[ERROR]   location: variable room of type com.hotel.reservation.model.Room
[ERROR] /C:/Users/ayush/Downloads/sateln ai/hotel-reservation-system/src/main/java/com/hotel/reservation/controller/BookingController.java:[58,99] cannot find symbol
[ERROR]   symbol:   method getCapacity()
[ERROR]   location: variable room of type com.hotel.reservation.model.Room
[ERROR] /C:/Users/ayush/Downloads/sateln ai/hotel-reservation-system/src/main/java/com/hotel/reservation/controller/BookingController.java:[70,47] cannot find symbol
[ERROR]   symbol:   method getPricePerNight()
[ERROR]   location: variable room of type com.hotel.reservation.model.Room
[ERROR] /C:/Users/ayush/Downloads/sateln ai/hotel-reservation-system/src/main/java/com/hotel/reservation/controller/BookingController.java:[97,38] cannot find symbol
[ERROR]   symbol:   method builder()
[ERROR]   location: class com.hotel.reservation.model.Booking
[ERROR] /C:/Users/ayush/Downloads/sateln ai/hotel-reservation-system/src/main/java/com/hotel/reservation/controller/BookingController.java:[110,51] cannot find symbol
[ERROR]   symbol:   method getId()
[ERROR]   location: variable booking of type com.hotel.reservation.model.Booking
[ERROR] /C:/Users/ayush/Downloads/sateln ai/hotel-reservation-system/src/main/java/com/hotel/reservation/controller/BookingController.java:[130,72] cannot find symbol
[ERROR]   symbol:   method getId()
[ERROR]   location: variable user of type com.hotel.reservation.model.User
[ERROR] /C:/Users/ayush/Downloads/sateln ai/hotel-reservation-system/src/main/java/com/hotel/reservation/controller/AuthController.java:[36,17] cannot find symbol
[ERROR]   symbol:   method getPassword()
[ERROR]   location: variable dto of type com.hotel.reservation.dto.UserRegistrationDto
[ERROR] /C:/Users/ayush/Downloads/sateln ai/hotel-reservation-system/src/main/java/com/hotel/reservation/controller/AuthController.java:[36,42] cannot find symbol
[ERROR]   symbol:   method getConfirmPassword()
[ERROR]   location: variable dto of type com.hotel.reservation.dto.UserRegistrationDto
[ERROR] /C:/Users/ayush/Downloads/sateln ai/hotel-reservation-system/src/main/java/com/hotel/reservation/controller/UserDashboardController.java:[26,72] cannot find symbol
[ERROR]   symbol:   method getId()
[ERROR]   location: variable user of type com.hotel.reservation.model.User
[ERROR] -> [Help 1]
[ERROR] 
[ERROR] To see the full stack trace of the errors, re-run Maven with the -e switch.
[ERROR] Re-run Maven using the -X switch to enable full debug logging.
[ERROR] 
[ERROR] For more information about the errors and possible solutions, please read the following articles:
[ERROR] [Help 1] http://cwiki.apache.org/confluence/display/MAVEN/MojoFailureException
